// Jest Snapshot v1, https://goo.gl/fbAQLP

exports[`Headline should match snapshot 1`] = `
<label
  className="label"
>
  Test Label
</label>
`;
