// Jest Snapshot v1, https://goo.gl/fbAQLP

exports[`Headline should match snapshot 1`] = `
<input
  className="input"
  placeholder="Text Input"
  type="text"
/>
`;
