// Jest Snapshot v1, https://goo.gl/fbAQLP

exports[`Headline should match snapshot 1`] = `
<h1
  className="title headline is-1"
  style={Object {}}
>
  Test
</h1>
`;
