// Jest Snapshot v1, https://goo.gl/fbAQLP

exports[`Account Snapshot 1`] = `<Connect(withRouter(AccountList)) />`;
