// Jest Snapshot v1, https://goo.gl/fbAQLP

exports[`Headline should match snapshot 1`] = `
<div
  className="card panel "
  style={Object {}}
>
  Test Panel
</div>
`;
