// Jest Snapshot v1, https://goo.gl/fbAQLP

exports[`Headline should match snapshot 1`] = `
<Link
  replace={false}
  to="#"
>
  Link
</Link>
`;
