// Jest Snapshot v1, https://goo.gl/fbAQLP

exports[`LogoFull should match snapshot 1`] = `
<img
  alt="Treasure"
  src={Object {}}
/>
`;
